2026-01-15 19:14:14 INFO EXPERIMENT START (total_runs=25, output_root=experiments/network_influence/outputs/misinformattion_prop/20260115-191414)
2026-01-15 19:14:14 INFO MODEL START together-kimik2-Instruct (1/1)
2026-01-15 19:14:14 INFO SWEEP START adv_count_sweep (1/1)
2026-01-15 19:14:14 INFO SCHEDULED together-kimik2-Instruct/adv_count_sweep/path/n6/a0/seed1
2026-01-15 19:14:14 INFO SCHEDULED together-kimik2-Instruct/adv_count_sweep/path/n6/a0/seed2
2026-01-15 19:14:14 INFO SCHEDULED together-kimik2-Instruct/adv_count_sweep/path/n6/a0/seed3
2026-01-15 19:14:14 INFO SCHEDULED together-kimik2-Instruct/adv_count_sweep/path/n6/a0/seed4
2026-01-15 19:14:14 INFO RUN START together-kimik2-Instruct__adv_count_sweep__path__n6__a0__seed1
2026-01-15 19:14:14 INFO SCHEDULED together-kimik2-Instruct/adv_count_sweep/path/n6/a0/seed5
2026-01-15 19:14:14 INFO RUN START together-kimik2-Instruct__adv_count_sweep__path__n6__a0__seed3
2026-01-15 19:14:14 INFO RUN START together-kimik2-Instruct__adv_count_sweep__path__n6__a0__seed2
2026-01-15 19:14:14 INFO RUN START together-kimik2-Instruct__adv_count_sweep__path__n6__a0__seed4
2026-01-15 19:14:14 INFO SCHEDULED together-kimik2-Instruct/adv_count_sweep/path/n6/a1/seed1
2026-01-15 19:14:14 INFO RUN START together-kimik2-Instruct__adv_count_sweep__path__n6__a0__seed5
2026-01-15 19:14:14 INFO SCHEDULED together-kimik2-Instruct/adv_count_sweep/path/n6/a1/seed2
2026-01-15 19:14:14 INFO RUN START together-kimik2-Instruct__adv_count_sweep__path__n6__a1__seed2
2026-01-15 19:14:14 INFO SCHEDULED together-kimik2-Instruct/adv_count_sweep/path/n6/a1/seed3
2026-01-15 19:14:14 INFO RUN START together-kimik2-Instruct__adv_count_sweep__path__n6__a1__seed1
2026-01-15 19:14:14 INFO SCHEDULED together-kimik2-Instruct/adv_count_sweep/path/n6/a1/seed4
2026-01-15 19:14:14 INFO RUN START together-kimik2-Instruct__adv_count_sweep__path__n6__a1__seed3
2026-01-15 19:14:14 INFO SCHEDULED together-kimik2-Instruct/adv_count_sweep/path/n6/a1/seed5
2026-01-15 19:14:14 INFO RUN START together-kimik2-Instruct__adv_count_sweep__path__n6__a1__seed4
2026-01-15 19:14:14 INFO RUN START together-kimik2-Instruct__adv_count_sweep__path__n6__a1__seed5
2026-01-15 19:14:16 INFO RUN together-kimik2-Instruct__adv_count_sweep__path__n6__a0__seed2 setup complete (agents=6, adversaries=0, targets=['Avery'], blackboards=5)
2026-01-15 19:14:16 INFO RUN together-kimik2-Instruct__adv_count_sweep__path__n6__a0__seed2 planning round 1/3
2026-01-15 19:14:16 INFO RUN together-kimik2-Instruct__adv_count_sweep__path__n6__a1__seed5 setup complete (agents=6, adversaries=1, targets=['Reese'], blackboards=5)
2026-01-15 19:14:16 INFO RUN together-kimik2-Instruct__adv_count_sweep__path__n6__a1__seed5 planning round 1/3
2026-01-15 19:14:16 INFO RUN together-kimik2-Instruct__adv_count_sweep__path__n6__a0__seed5 setup complete (agents=6, adversaries=0, targets=['Quinn'], blackboards=5)
2026-01-15 19:14:16 INFO RUN together-kimik2-Instruct__adv_count_sweep__path__n6__a0__seed5 planning round 1/3
2026-01-15 19:14:16 INFO RUN together-kimik2-Instruct__adv_count_sweep__path__n6__a1__seed3 setup complete (agents=6, adversaries=1, targets=['Taylor'], blackboards=5)
2026-01-15 19:14:16 INFO RUN together-kimik2-Instruct__adv_count_sweep__path__n6__a1__seed3 planning round 1/3
2026-01-15 19:14:16 INFO RUN together-kimik2-Instruct__adv_count_sweep__path__n6__a0__seed3 setup complete (agents=6, adversaries=0, targets=['Jordan'], blackboards=5)
2026-01-15 19:14:16 INFO RUN together-kimik2-Instruct__adv_count_sweep__path__n6__a0__seed3 planning round 1/3
2026-01-15 19:14:16 INFO RUN together-kimik2-Instruct__adv_count_sweep__path__n6__a1__seed1 setup complete (agents=6, adversaries=1, targets=['Taylor'], blackboards=5)
2026-01-15 19:14:16 INFO RUN together-kimik2-Instruct__adv_count_sweep__path__n6__a1__seed1 planning round 1/3
2026-01-15 19:14:16 INFO RUN together-kimik2-Instruct__adv_count_sweep__path__n6__a0__seed4 setup complete (agents=6, adversaries=0, targets=['Jordan'], blackboards=5)
2026-01-15 19:14:16 INFO RUN together-kimik2-Instruct__adv_count_sweep__path__n6__a0__seed4 planning round 1/3
2026-01-15 19:14:16 INFO RUN together-kimik2-Instruct__adv_count_sweep__path__n6__a0__seed1 setup complete (agents=6, adversaries=0, targets=['Jordan'], blackboards=5)
2026-01-15 19:14:16 INFO RUN together-kimik2-Instruct__adv_count_sweep__path__n6__a0__seed1 planning round 1/3
2026-01-15 19:14:16 INFO RUN together-kimik2-Instruct__adv_count_sweep__path__n6__a1__seed2 setup complete (agents=6, adversaries=1, targets=['Avery'], blackboards=5)
2026-01-15 19:14:16 INFO RUN together-kimik2-Instruct__adv_count_sweep__path__n6__a1__seed2 planning round 1/3
2026-01-15 19:14:16 INFO RUN together-kimik2-Instruct__adv_count_sweep__path__n6__a1__seed4 setup complete (agents=6, adversaries=1, targets=['Taylor'], blackboards=5)
2026-01-15 19:14:16 INFO RUN together-kimik2-Instruct__adv_count_sweep__path__n6__a1__seed4 planning round 1/3
